// Jest Snapshot v1, https://goo.gl/fbAQLP

exports[`getCompiledGenerators 1`] = `
Object {
  "dataSources": Array [
    Object {
      "config": Object {},
      "connectorType": "sqlite",
      "name": "sqlite",
      "url": Object {
        "fromEnvVar": null,
        "value": "file:my.db",
      },
    },
  ],
  "datamodel": "
datasource sqlite {
  provider = \\"sqlite\\"
  url      = \\"file:my.db\\"
}

generator photonjs {
  provider = \\"photonjs\\"
}

generator nexus_prisma {
  provider = \\"nexus-prisma\\"
}

model User {
  id    String  @id @default(cuid())
  email String  @unique
  name  String?
  posts Post[]
}

model Post {
  id        String  @id @default(cuid())
  title     String
  published Boolean @default(true)
  author    User?
}",
}
`;

exports[`getCompiledGenerators 2`] = `
Object {
  "dataSources": Array [
    Object {
      "config": Object {},
      "connectorType": "sqlite",
      "name": "sqlite",
      "url": Object {
        "fromEnvVar": null,
        "value": "file:my.db",
      },
    },
  ],
  "datamodel": "
datasource sqlite {
  provider = \\"sqlite\\"
  url      = \\"file:my.db\\"
}

generator photonjs {
  provider = \\"photonjs\\"
}

generator nexus_prisma {
  provider = \\"nexus-prisma\\"
}

model User {
  id    String  @id @default(cuid())
  email String  @unique
  name  String?
  posts Post[]
}

model Post {
  id        String  @id @default(cuid())
  title     String
  published Boolean @default(true)
  author    User?
}",
}
`;
